
> smart-restaurant-frontend@0.1.0 build
> next build

Γû▓ Next.js 16.1.1 (Turbopack)
- Environments: .env

node.exe : ΓÜá The "middleware" file convention is 
deprecated. Please use "proxy" instead. Learn more: 
https://nextjs.org/docs/messages/middleware-to-proxy
At line:1 char:1
+ & "C:\Program Files\nodejs/node.exe" 
"C:\Users\dan\AppData\Roaming\np ...
+ ~~~~~~~~~~~~~~~~~~~~~~~~~~~~~~~~~~~~~~~~~~~~~~~~~~~~~~~~~~
~~~~~~~~~~~
    + CategoryInfo          : NotSpecified: (ΓÜá The "middl 
   e...leware-to-proxy:String) [], RemoteException
    + FullyQualifiedErrorId : NativeCommandError
 
  Creating an optimized production build ...
Γ£ô Compiled successfully in 7.5s
  Running TypeScript ...
Failed to compile.

./src/app/guest/cart/page.tsx:83:56
Type error: Property 'balance' does not exist on type 
'LoyaltyPoints'.

[0m [90m 81 |[39m                     
console[33m.[39mlog([32m"Loyalty points 
fetched:"[39m[33m,[39m data)[33m;[39m
 [90m 82 |[39m                     [90m// Handle both 
possible field names[39m
[31m[1m>[22m[39m[90m 83 |[39m                     
[36mconst[39m points [33m=[39m data[33m.[39mpoints 
[33m?[39m[33m?[39m data[33m.[39mbalance 
[33m?[39m[33m?[39m [35m0[39m[33m;[39m
 [90m    |[39m                                            
            [31m[1m^[22m[39m
 [90m 84 |[39m                     
setAvailablePoints(points)[33m;[39m
 [90m 85 |[39m                 } [36mcatch[39m 
(loyaltyError[33m:[39m any) {
 [90m 86 |[39m                     
console[33m.[39merror([32m"Loyalty points fetch 
error:"[39m[33m,[39m 
loyaltyError[33m?[39m[33m.[39mmessage)[33m;[39m[0m
Next.js build worker exited with code: 1 and signal: null
